
Running eldo on dastardly

with Eldo libraries :
/home/netcad/anacad/ams_2007.1_bsim4_SR333469176/ixl/lib/libeldoudm.so
/home/netcad/anacad/ams_2007.1_bsim4_SR333469176/ixl/lib/libeldomos1.so
/home/netcad/anacad/ams_2007.1_bsim4_SR333469176/ixl/lib/libeldoekv.so
/home/netcad/anacad/ams_2007.1_bsim4_SR333469176/ixl/lib/libeldomosp9.so
/home/netcad/anacad/ams_2007.1_bsim4_SR333469176/ixl/lib/libeldocsem.so
/home/netcad/anacad/ams_2007.1_bsim4_SR333469176/ixl/lib/libeldomos2.so
/home/netcad/anacad/ams_2007.1_bsim4_SR333469176/ixl/lib/libeldomos3.so
/home/netcad/anacad/ams_2007.1_bsim4_SR333469176/ixl/lib/libeldobip.so
/home/netcad/anacad/ams_2007.1_bsim4_SR333469176/ixl/lib/libeldodio.so
/home/netcad/anacad/ams_2007.1_bsim4_SR333469176/ixl/lib/libeldojfet.so
/home/netcad/anacad/ams_2007.1_bsim4_SR333469176/ixl/lib/libeldosoi.so
/home/netcad/anacad/ams_2007.1_bsim4_SR333469176/ixl/lib/libeldomos4.so
/home/netcad/anacad/ams_2007.1_bsim4_SR333469176/ixl/lib/libeldoasitft.so
/home/netcad/anacad/ams_2007.1_bsim4_SR333469176/ixl/lib/libeldohisim.so
/home/netcad/anacad/ams_2007.1_bsim4_SR333469176/ixl/lib/libeldospmod.so
/home/netcad/anacad/ams_2007.1_bsim4_SR333469176/ixl/lib/libeldopsp.so
/home/netcad/anacad/ams_2007.1_bsim4_SR333469176/ixl/lib/libeldomoto.so
/home/netcad/anacad/ams_2007.1_bsim4_SR333469176/ixl/lib/libeldost.so
/home/netcad/anacad/ams_2007.1_bsim4_SR333469176/ixl/lib/libeldobnr.so
/home/netcad/anacad/ams_2007.1_bsim4_SR333469176/ixl/lib/libeldorockw.so
/home/netcad/anacad/ams_2007.1_bsim4_SR333469176/ixl/lib/libeldopubhicum.so
/home/netcad/anacad/ams_2007.1_bsim4_SR333469176/ixl/lib/libeldotftsh.so
/home/netcad/anacad/ams_2007.1_bsim4_SR333469176/ixl/lib/libeldobta.so
/home/netcad/anacad/ams_2007.1_bsim4_SR333469176/ixl/lib/libeldofas.so
/home/netcad/anacad/ams_2007.1_bsim4_SR333469176/ixl/lib/libeldofascm.so
/home/netcad/anacad/ams_2007.1_bsim4_SR333469176/ixl/lib/libeldova.so
/home/netcad/anacad/ams_2007.1_bsim4_SR333469176/ixl/lib/libeldovafnc.so
/home/netcad/anacad/ams_2007.1_bsim4_SR333469176/ixl/lib/libeldosdsim.so
/home/netcad/anacad/ams_2007.1_bsim4_SR333469176/ixl/lib/libeldoudrm.so
/home/netcad/anacad/ams_2007.1_bsim4_SR333469176/ixl/lib/libeldowire.so



              Software under License 
       Copyright Mentor Graphics Corporation



//  eldokernel_c license will expire in 13 days...


***** ANALYSIS ....


***** 0  error(s). 
***** 0  warning(s). 



***** GENERATION ...


***** 0  error(s). 
***** 0  warning(s). 


INFORMATION ABOUT COMPILATION...


Memory space allocated (bytes): 30319375
4 elements
3 nodes 
3 input signals


run number 1 out of 9
   value of parameter VDC1 is 0.000000
   value of parameter VDC2 is 0.000000


Eldo VERSION : ELDO v6.9_1.1 Production Wed Jun 13 08:32:36 GMT 2007

*** DATE: 17-Oct-2007 17:26:20

*** TITLE: ***

TEMPERATURE : 25.000000 degrees C

Searching Operating Point between -1.000000e+13V and 
                                  1.000000e+13V

--> Partitioning circuit...


--> Performing G ramping...
---> G RAMPING: 0.000000%
---> G RAMPING: 10.000000%
---> G RAMPING: 20.000000%
---> G RAMPING: 30.000000%
---> G RAMPING: 40.000000%
---> G RAMPING: 50.000000%
---> G RAMPING: 60.000000%
---> G RAMPING: 70.000000%
---> G RAMPING: 80.000000%
---> G RAMPING: 90.000000%
---> G RAMPING: 100.000000%

***> DC CPU TIME 0s 010ms <***

DC:1 iterations FOR DC analysis
NET9         0.0       
VIN          0.0       
VOUT         0.0       

   TOTAL POWER DISSIPATION:  0.0        WATTS


***>CPU TIME 0s 010ms <***



run number 2 out of 9
   value of parameter VDC1 is 0.000000
   value of parameter VDC2 is 1.000000


Eldo VERSION : ELDO v6.9_1.1 Production Wed Jun 13 08:32:36 GMT 2007

*** DATE: 17-Oct-2007 17:26:20

*** TITLE: ***

TEMPERATURE : 25.000000 degrees C


--> Partitioning circuit...

***> DC CPU TIME 0s 000ms <***

DC:2 iterations FOR DC analysis
NET9         1.0000E+00
VIN          0.0       
VOUT        -2.0000E+00

   TOTAL POWER DISSIPATION:  0.0        WATTS


   POWER DISSIPATION THROUGH CONTROLLED SOURCES:  4.0000E-03 WATTS



run number 3 out of 9
   value of parameter VDC1 is 0.000000
   value of parameter VDC2 is 2.000000


Eldo VERSION : ELDO v6.9_1.1 Production Wed Jun 13 08:32:36 GMT 2007

*** DATE: 17-Oct-2007 17:26:20

*** TITLE: ***

TEMPERATURE : 25.000000 degrees C


--> Partitioning circuit...

***> DC CPU TIME 0s 000ms <***

DC:2 iterations FOR DC analysis
NET9         2.0000E+00
VIN          0.0       
VOUT        -4.0000E+00

   TOTAL POWER DISSIPATION:  0.0        WATTS


   POWER DISSIPATION THROUGH CONTROLLED SOURCES:  1.6000E-02 WATTS



***>Current simulation completed





***>CPU TIME 0s 010ms <***



run number 4 out of 9
   value of parameter VDC1 is 1.000000
   value of parameter VDC2 is 0.000000


Eldo VERSION : ELDO v6.9_1.1 Production Wed Jun 13 08:32:36 GMT 2007

*** DATE: 17-Oct-2007 17:26:20

*** TITLE: ***

TEMPERATURE : 25.000000 degrees C


--> Partitioning circuit...

***> DC CPU TIME 0s 000ms <***

DC:2 iterations FOR DC analysis
NET9         0.0       
VIN          1.0000E+00
VOUT         2.0000E+00

   TOTAL POWER DISSIPATION:  0.0        WATTS


   POWER DISSIPATION THROUGH CONTROLLED SOURCES:  4.0000E-03 WATTS



run number 5 out of 9
   value of parameter VDC1 is 1.000000
   value of parameter VDC2 is 1.000000


Eldo VERSION : ELDO v6.9_1.1 Production Wed Jun 13 08:32:36 GMT 2007

*** DATE: 17-Oct-2007 17:26:20

*** TITLE: ***

TEMPERATURE : 25.000000 degrees C


--> Partitioning circuit...

***> DC CPU TIME 0s 000ms <***

DC:1 iterations FOR DC analysis
NET9         1.0000E+00
VIN          1.0000E+00
VOUT         0.0       

   TOTAL POWER DISSIPATION:  0.0        WATTS



run number 6 out of 9
   value of parameter VDC1 is 1.000000
   value of parameter VDC2 is 2.000000


Eldo VERSION : ELDO v6.9_1.1 Production Wed Jun 13 08:32:36 GMT 2007

*** DATE: 17-Oct-2007 17:26:20

*** TITLE: ***

TEMPERATURE : 25.000000 degrees C


--> Partitioning circuit...

***> DC CPU TIME 0s 000ms <***

DC:2 iterations FOR DC analysis
NET9         2.0000E+00
VIN          1.0000E+00
VOUT        -2.0000E+00

   TOTAL POWER DISSIPATION:  0.0        WATTS


   POWER DISSIPATION THROUGH CONTROLLED SOURCES:  4.0000E-03 WATTS



***>Current simulation completed





***>CPU TIME 0s 010ms <***



run number 7 out of 9
   value of parameter VDC1 is 2.000000
   value of parameter VDC2 is 0.000000


Eldo VERSION : ELDO v6.9_1.1 Production Wed Jun 13 08:32:36 GMT 2007

*** DATE: 17-Oct-2007 17:26:20

*** TITLE: ***

TEMPERATURE : 25.000000 degrees C


--> Partitioning circuit...

***> DC CPU TIME 0s 000ms <***

DC:2 iterations FOR DC analysis
NET9         0.0       
VIN          2.0000E+00
VOUT         4.0000E+00

   TOTAL POWER DISSIPATION:  0.0        WATTS


   POWER DISSIPATION THROUGH CONTROLLED SOURCES:  1.6000E-02 WATTS



run number 8 out of 9
   value of parameter VDC1 is 2.000000
   value of parameter VDC2 is 1.000000


Eldo VERSION : ELDO v6.9_1.1 Production Wed Jun 13 08:32:36 GMT 2007

*** DATE: 17-Oct-2007 17:26:21

*** TITLE: ***

TEMPERATURE : 25.000000 degrees C


--> Partitioning circuit...

***> DC CPU TIME 0s 000ms <***

DC:2 iterations FOR DC analysis
NET9         1.0000E+00
VIN          2.0000E+00
VOUT         2.0000E+00

   TOTAL POWER DISSIPATION:  0.0        WATTS


   POWER DISSIPATION THROUGH CONTROLLED SOURCES:  4.0000E-03 WATTS



run number 9 out of 9
   value of parameter VDC1 is 2.000000
   value of parameter VDC2 is 2.000000


Eldo VERSION : ELDO v6.9_1.1 Production Wed Jun 13 08:32:36 GMT 2007

*** DATE: 17-Oct-2007 17:26:21

*** TITLE: ***

TEMPERATURE : 25.000000 degrees C


--> Partitioning circuit...

***> DC CPU TIME 0s 000ms <***

DC:1 iterations FOR DC analysis
NET9         2.0000E+00
VIN          2.0000E+00
VOUT         0.0       

   TOTAL POWER DISSIPATION:  0.0        WATTS



***>Current simulation completed




SIMULATION INFORMATION 
memory size allocated in bytes 32725863
nb of components: 4
nb of nodes: 3
nb of MOS or BIP calls: 0
Number of steps computed: 0

***>CPU TIME 0s 000ms <***


***>GLOBAL CPU TIME 2s 360ms <***


***>GLOBAL ELAPSED TIME 5s <***


