
Running eldo on softy

with Eldo libraries :
/home/netcad/anacad/ams_2007.1_bsim4_SR333469176/ixl/lib/libeldoudm.so
/home/netcad/anacad/ams_2007.1_bsim4_SR333469176/ixl/lib/libeldomos1.so
/home/netcad/anacad/ams_2007.1_bsim4_SR333469176/ixl/lib/libeldoekv.so
/home/netcad/anacad/ams_2007.1_bsim4_SR333469176/ixl/lib/libeldomosp9.so
/home/netcad/anacad/ams_2007.1_bsim4_SR333469176/ixl/lib/libeldocsem.so
/home/netcad/anacad/ams_2007.1_bsim4_SR333469176/ixl/lib/libeldomos2.so
/home/netcad/anacad/ams_2007.1_bsim4_SR333469176/ixl/lib/libeldomos3.so
/home/netcad/anacad/ams_2007.1_bsim4_SR333469176/ixl/lib/libeldobip.so
/home/netcad/anacad/ams_2007.1_bsim4_SR333469176/ixl/lib/libeldodio.so
/home/netcad/anacad/ams_2007.1_bsim4_SR333469176/ixl/lib/libeldojfet.so
/home/netcad/anacad/ams_2007.1_bsim4_SR333469176/ixl/lib/libeldosoi.so
/home/netcad/anacad/ams_2007.1_bsim4_SR333469176/ixl/lib/libeldomos4.so
/home/netcad/anacad/ams_2007.1_bsim4_SR333469176/ixl/lib/libeldoasitft.so
/home/netcad/anacad/ams_2007.1_bsim4_SR333469176/ixl/lib/libeldohisim.so
/home/netcad/anacad/ams_2007.1_bsim4_SR333469176/ixl/lib/libeldospmod.so
/home/netcad/anacad/ams_2007.1_bsim4_SR333469176/ixl/lib/libeldopsp.so
/home/netcad/anacad/ams_2007.1_bsim4_SR333469176/ixl/lib/libeldomoto.so
/home/netcad/anacad/ams_2007.1_bsim4_SR333469176/ixl/lib/libeldost.so
/home/netcad/anacad/ams_2007.1_bsim4_SR333469176/ixl/lib/libeldobnr.so
/home/netcad/anacad/ams_2007.1_bsim4_SR333469176/ixl/lib/libeldorockw.so
/home/netcad/anacad/ams_2007.1_bsim4_SR333469176/ixl/lib/libeldopubhicum.so
/home/netcad/anacad/ams_2007.1_bsim4_SR333469176/ixl/lib/libeldotftsh.so
/home/netcad/anacad/ams_2007.1_bsim4_SR333469176/ixl/lib/libeldobta.so
/home/netcad/anacad/ams_2007.1_bsim4_SR333469176/ixl/lib/libeldofas.so
/home/netcad/anacad/ams_2007.1_bsim4_SR333469176/ixl/lib/libeldofascm.so
/home/netcad/anacad/ams_2007.1_bsim4_SR333469176/ixl/lib/libeldova.so
/home/netcad/anacad/ams_2007.1_bsim4_SR333469176/ixl/lib/libeldovafnc.so
/home/netcad/anacad/ams_2007.1_bsim4_SR333469176/ixl/lib/libeldosdsim.so
/home/netcad/anacad/ams_2007.1_bsim4_SR333469176/ixl/lib/libeldoudrm.so
/home/netcad/anacad/ams_2007.1_bsim4_SR333469176/ixl/lib/libeldowire.so



              Software under License 
       Copyright Mentor Graphics Corporation




***** ANALYSIS ....


***** 0  error(s). 
***** 0  warning(s). 



***** GENERATION ...


***** 0  error(s). 
***** 0  warning(s). 


INFORMATION ABOUT COMPILATION...


Memory space allocated (bytes): 25276612
4 elements
3 nodes 
3 input signals

Eldo VERSION : ELDO v6.9_1.1 Production Wed Jun 13 08:32:36 GMT 2007

*** DATE: 11-Oct-2007 15:48:45

*** TITLE: ***

TEMPERATURE : 25.000000 degrees C

Searching Operating Point between -2.000000e+01V and 
                                  2.200000e+01V

--> Partitioning circuit...


--> Performing G ramping...
---> G RAMPING: 0.000000%
---> G RAMPING: 10.000000%
---> G RAMPING: 20.000000%
---> G RAMPING: 30.000000%
---> G RAMPING: 40.000000%
---> G RAMPING: 50.000000%
---> G RAMPING: 60.000000%
---> G RAMPING: 70.000000%
---> G RAMPING: 80.000000%
---> G RAMPING: 90.000000%
---> G RAMPING: 100.000000%


***>Current simulation completed




SIMULATION INFORMATION 
memory size allocated in bytes 25673320
nb of components: 4
nb of nodes: 3
nb of MOS or BIP calls: 0
Number of steps computed: 0

***>CPU TIME 0s 000ms <***


***>GLOBAL CPU TIME 2s 140ms <***


***>GLOBAL ELAPSED TIME 3s <***


